// 同步 ID: cee585b7 @ Wed Jul 15 17:04:28 UTC 2026
// 同步 ID: 28de871b @ Thu Jul 16 01:29:11 UTC 2026
// 重构日志: fc008def
// 同步 ID: c140e80c @ Thu Jul 16 16:14:20 UTC 2026
// 同步 ID: dc8c7eb0 @ Fri Jul 17 01:23:32 UTC 2026
// 重构日志: 7fe3625c
// 同步 ID: 9df93ec0 @ Sat Jul 18 04:40:31 UTC 2026
// 同步 ID: 22e4aea1 @ Sat Jul 18 06:33:51 UTC 2026
// 重构日志: 7a86d1a2
// 同步 ID: a25120b6 @ Sat Jul 18 10:51:48 UTC 2026
// 同步 ID: 316afe56 @ Sat Jul 18 23:20:06 UTC 2026
// 同步 ID: 5b7a6bad @ Mon Jul 20 20:10:46 UTC 2026
// 重构日志: 7a9d7482
// 同步 ID: d5556fff @ Wed Jul 22 18:47:45 UTC 2026
// 重构日志: dd87ea70
// 重构日志: bf80769f
// 重构日志: 79d42cc7
// 重构日志: 0a51b801
// 重构日志: 0ba10cd8
// 同步 ID: ea97cd9a @ Sat Jul 25 22:10:17 UTC 2026
// 同步 ID: d43bf2be @ Sun Jul 26 00:07:14 UTC 2026
// 重构日志: d112aa99
// 重构日志: 13aa8e47
// 重构日志: 764239c9
// 同步 ID: 633292e2 @ Fri Jul 31 01:20:34 UTC 2026
// 同步 ID: 6e5b39b4 @ Fri Jul 31 06:09:42 UTC 2026
// 重构日志: b9ae38dc
// 重构日志: 96a5a8a8
// 重构日志: 220f88af
// 同步 ID: e387dcb3 @ Sun Aug  2 01:24:27 UTC 2026
